##   0:00:00  Solver: z3
##   0:00:00  Checking assumptions in step 0..
##   0:00:00  Checking assertions in step 0..
##   0:00:00  Checking assumptions in step 1..
##   0:00:00  Checking assertions in step 1..
##   0:00:00  Checking assumptions in step 2..
##   0:00:00  Checking assertions in step 2..
##   0:00:00  Checking assumptions in step 3..
##   0:00:00  Checking assertions in step 3..
##   0:00:00  Checking assumptions in step 4..
##   0:00:00  Checking assertions in step 4..
##   0:00:00  Checking assumptions in step 5..
##   0:00:00  Checking assertions in step 5..
##   0:00:00  Checking assumptions in step 6..
##   0:00:00  Checking assertions in step 6..
##   0:00:00  Checking assumptions in step 7..
##   0:00:00  Checking assertions in step 7..
##   0:00:00  Checking assumptions in step 8..
##   0:00:00  Checking assertions in step 8..
##   0:00:00  Checking assumptions in step 9..
##   0:00:00  Checking assertions in step 9..
##   0:00:00  Checking assumptions in step 10..
##   0:00:00  Checking assertions in step 10..
##   0:00:00  Checking assumptions in step 11..
##   0:00:00  Checking assertions in step 11..
##   0:00:00  Checking assumptions in step 12..
##   0:00:00  Checking assertions in step 12..
##   0:00:01  Checking assumptions in step 13..
##   0:00:01  Checking assertions in step 13..
##   0:00:01  Checking assumptions in step 14..
##   0:00:01  Checking assertions in step 14..
##   0:00:01  Checking assumptions in step 15..
##   0:00:02  Checking assertions in step 15..
##   0:00:02  Checking assumptions in step 16..
##   0:00:02  Checking assertions in step 16..
##   0:00:03  Checking assumptions in step 17..
##   0:00:03  Checking assertions in step 17..
##   0:00:04  Checking assumptions in step 18..
##   0:00:05  Checking assertions in step 18..
##   0:00:06  Checking assumptions in step 19..
##   0:00:06  Checking assertions in step 19..
##   0:00:07  Checking assumptions in step 20..
##   0:00:07  Checking assertions in step 20..
##   0:00:08  Checking assumptions in step 21..
##   0:00:09  Checking assertions in step 21..
##   0:00:10  Checking assumptions in step 22..
##   0:00:10  Checking assertions in step 22..
##   0:00:12  Checking assumptions in step 23..
##   0:00:13  Checking assertions in step 23..
##   0:00:15  Checking assumptions in step 24..
##   0:00:15  Checking assertions in step 24..
##   0:00:17  Checking assumptions in step 25..
##   0:00:18  Checking assertions in step 25..
##   0:00:19  Checking assumptions in step 26..
##   0:00:20  Checking assertions in step 26..
##   0:00:22  Checking assumptions in step 27..
##   0:00:23  Checking assertions in step 27..
##   0:00:27  Checking assumptions in step 28..
##   0:00:28  Checking assertions in step 28..
##   0:00:30  Checking assumptions in step 29..
##   0:00:32  Checking assertions in step 29..
##   0:00:35  Checking assumptions in step 30..
##   0:00:36  Checking assertions in step 30..
##   0:00:40  Checking assumptions in step 31..
##   0:00:40  Checking assertions in step 31..
##   0:00:44  Checking assumptions in step 32..
##   0:00:45  Checking assertions in step 32..
##   0:00:50  Checking assumptions in step 33..
##   0:00:51  Checking assertions in step 33..
##   0:00:55  Checking assumptions in step 34..
##   0:00:57  Checking assertions in step 34..
##   0:01:01  Checking assumptions in step 35..
##   0:01:02  Checking assertions in step 35..
##   0:01:10  BMC failed!
##   0:01:10  Assert failed in fifo_sync: buggy.v:122.58-123.36 ($assert$buggy.v:122$111)
##   0:01:10  Writing trace to VCD file: engine_0/trace.vcd
##   0:01:10  Writing trace to Verilog testbench: engine_0/trace_tb.v
##   0:01:10  Writing trace to constraints file: engine_0/trace.smtc
##   0:01:10  Writing trace to Yosys witness file: engine_0/trace.yw
##   0:01:11  Status: failed
