\BOOKMARK [1][-]{section.1}{\376\377\137\025\212\000}{}% 1
\BOOKMARK [2][-]{subsection.1.1}{\376\377\200\314\146\157\116\016\225\356\230\230}{section.1}% 2
\BOOKMARK [2][-]{subsection.1.2}{\376\377\213\276\213\241\122\250\147\072}{section.1}% 3
\BOOKMARK [2][-]{subsection.1.3}{\376\377\215\041\163\056}{section.1}% 4
\BOOKMARK [1][-]{section.2}{\376\377\166\370\121\163\135\345\117\134}{}% 5
\BOOKMARK [2][-]{subsection.2.1}{\376\377\123\315\117\213\232\161\122\250\166\204\214\003\213\325\116\016\150\071\126\340\122\006\147\220}{section.2}% 6
\BOOKMARK [2][-]{subsection.2.2}{\376\377\127\372\116\216\000\040\000L\000L\000M\000\040\166\204\000\040\000R\000T\000L\000\040\117\356\131\015}{section.2}% 7
\BOOKMARK [2][-]{subsection.2.3}{\376\377\145\255\212\000\165\037\142\020\116\016\232\214\213\301\121\105\122\006\140\047}{section.2}% 8
\BOOKMARK [2][-]{subsection.2.4}{\376\377\127\372\121\306\116\016\213\304\155\113\145\271\154\325}{section.2}% 9
\BOOKMARK [2][-]{subsection.2.5}{\376\377\147\054\145\207\133\232\117\115}{section.2}% 10
\BOOKMARK [1][-]{section.3}{\376\377\145\271\154\325}{}% 11
\BOOKMARK [2][-]{subsection.3.1}{\376\377\174\373\176\337\147\266\147\204}{section.3}% 12
\BOOKMARK [2][-]{subsection.3.2}{\376\377\213\301\143\156\137\025\144\316\116\016\123\315\117\213\213\355\116\111\123\026}{section.3}% 13
\BOOKMARK [2][-]{subsection.3.3}{\376\377\126\333\171\315\213\301\143\156\210\150\137\201}{section.3}% 14
\BOOKMARK [2][-]{subsection.3.4}{\376\377\117\356\131\015\122\044\143\156\377\032\000g\000o\000l\000d\000e\000n\000-\000f\000i\000r\000s\000t\000\040\211\304\122\031}{section.3}% 15
\BOOKMARK [2][-]{subsection.3.5}{\376\377\232\214\213\301\121\105\122\006\140\047\133\241\213\241}{section.3}% 16
\BOOKMARK [2][-]{subsection.3.6}{\376\377\123\315\231\210\137\252\163\257\116\016\123\206\123\362\117\356\131\015\213\260\137\306}{section.3}% 17
\BOOKMARK [2][-]{subsection.3.7}{\376\377\147\000\134\017\210\145\116\001\124\016\232\214\232\214\213\301\377\010\000d\000e\000l\000t\000a\000-\000d\000e\000b\000u\000g\000g\000i\000n\000g\377\011}{section.3}% 18
\BOOKMARK [2][-]{subsection.3.8}{\376\377\135\345\121\167\224\376\220\002\221\115\134\102}{section.3}% 19
\BOOKMARK [1][-]{section.4}{\376\377\133\236\232\214\213\276\177\156}{}% 20
\BOOKMARK [2][-]{subsection.4.1}{\376\377\145\160\143\156\226\306\000\040\000B\000u\000g\000B\000e\000n\000c\000h\000-\000P\000S}{section.4}% 21
\BOOKMARK [2][-]{subsection.4.2}{\376\377\213\304\155\113\123\117\213\256\116\016\142\020\147\054\213\260\215\046}{section.4}% 22
\BOOKMARK [2][-]{subsection.4.3}{\376\377\123\357\131\015\163\260\140\047}{section.4}% 23
\BOOKMARK [2][-]{subsection.4.4}{\376\377\227\136\000\040\000L\000L\000M\000\040\127\372\176\277}{section.4}% 24
\BOOKMARK [1][-]{section.5}{\376\377\133\236\232\214\176\323\147\234\116\016\122\006\147\220}{}% 25
\BOOKMARK [2][-]{subsection.5.1}{\376\377\176\323\147\234\151\202\211\310}{section.5}% 26
\BOOKMARK [2][-]{subsection.5.2}{\376\377\225\031\213\357\174\173\127\213\122\006\147\220}{section.5}% 27
\BOOKMARK [2][-]{subsection.5.3}{\376\377\117\356\131\015\123\357\117\341\136\246\377\032\121\105\122\006\140\047\116\016\000\040\000T\0002\000\040\133\241\213\241}{section.5}% 28
\BOOKMARK [2][-]{subsection.5.4}{\376\377\142\020\147\054\116\016\140\047\200\375}{section.5}% 29
\BOOKMARK [2][-]{subsection.5.5}{\376\377\000L\0002\000\040\225\350\171\201\133\371\161\147\377\032\120\107\226\063\140\047\163\207}{section.5}% 30
\BOOKMARK [2][-]{subsection.5.6}{\376\377\122\044\143\156\177\373\150\110\166\204\145\271\154\325\213\272\145\131\213\255}{section.5}% 31
\BOOKMARK [2][-]{subsection.5.7}{\376\377\145\160\143\156\123\153\165\037\133\241\213\241}{section.5}% 32
\BOOKMARK [2][-]{subsection.5.8}{\376\377\213\301\143\156\123\153\165\037\155\210\207\215\377\032\210\114\123\367\127\372\121\306\116\016\145\255\212\000\210\114\213\355\116\111}{section.5}% 33
\BOOKMARK [2][-]{subsection.5.9}{\376\377\152\041\127\127\116\016\225\031\213\357\174\173\127\213\166\204\116\244\116\222\145\110\136\224}{section.5}% 34
\BOOKMARK [2][-]{subsection.5.10}{\376\377\155\361\145\366\136\217\133\120\226\306\377\032\123\315\117\213\145\366\225\177\116\016\213\301\143\156\210\150\137\201\166\204\116\244\116\222}{section.5}% 35
\BOOKMARK [2][-]{subsection.5.11}{\376\377\213\301\143\156\123\357\211\343\221\312\140\047\166\204\131\032\152\041\127\213\213\304\117\060}{section.5}% 36
\BOOKMARK [2][-]{subsection.5.12}{\376\377\215\350\152\041\127\213\234\201\150\322\140\047}{section.5}% 37
\BOOKMARK [1][-]{section.6}{\376\377\176\323\213\272}{}% 38
\BOOKMARK [2][-]{subsection.6.1}{\376\377\134\100\226\120\140\047}{section.6}% 39
\BOOKMARK [1][-]{section*.1}{\376\377\123\302\200\003\145\207\163\056}{}% 40
