
 /----------------------------------------------------------------------------\
 |                                                                            |
 |  yosys -- Yosys Open SYnthesis Suite                                       |
 |                                                                            |
 |  Copyright (C) 2012 - 2020  Claire Xenia Wolf <claire@yosyshq.com>         |
 |                                                                            |
 |  Permission to use, copy, modify, and/or distribute this software for any  |
 |  purpose with or without fee is hereby granted, provided that the above    |
 |  copyright notice and this permission notice appear in all copies.         |
 |                                                                            |
 |  THE SOFTWARE IS PROVIDED "AS IS" AND THE AUTHOR DISCLAIMS ALL WARRANTIES  |
 |  WITH REGARD TO THIS SOFTWARE INCLUDING ALL IMPLIED WARRANTIES OF          |
 |  MERCHANTABILITY AND FITNESS. IN NO EVENT SHALL THE AUTHOR BE LIABLE FOR   |
 |  ANY SPECIAL, DIRECT, INDIRECT, OR CONSEQUENTIAL DAMAGES OR ANY DAMAGES    |
 |  WHATSOEVER RESULTING FROM LOSS OF USE, DATA OR PROFITS, WHETHER IN AN     |
 |  ACTION OF CONTRACT, NEGLIGENCE OR OTHER TORTIOUS ACTION, ARISING OUT OF   |
 |  OR IN CONNECTION WITH THE USE OR PERFORMANCE OF THIS SOFTWARE.            |
 |                                                                            |
 \----------------------------------------------------------------------------/

 Yosys 0.33 (git sha1 2584903a060)


-- Executing script file `../model/design.ys' --

1. Executing Verilog-2005 frontend: buggy.v
Parsing formal SystemVerilog input from `buggy.v' to AST representation.
Storing AST representation for module `$abstract\fifo_sync'.
Successfully finished Verilog frontend.

2. Executing Verilog-2005 frontend: assertions.sv
Parsing formal SystemVerilog input from `assertions.sv' to AST representation.
Storing AST representation for module `$abstract\fifo_sync_assert'.
Successfully finished Verilog frontend.

3. Executing Verilog-2005 frontend: formal_top.sv
Parsing formal SystemVerilog input from `formal_top.sv' to AST representation.
Storing AST representation for module `$abstract\fifo_sync_formal_top'.
Successfully finished Verilog frontend.

4. Executing PREP pass.

4.1. Executing HIERARCHY pass (managing design hierarchy).

4.2. Executing AST frontend in derive mode using pre-parsed AST for module `\fifo_sync_formal_top'.
Generating RTLIL representation for module `\fifo_sync_formal_top'.
formal_top.sv:50: Warning: Identifier `\uut.count' is implicitly declared.
formal_top.sv:51: Warning: Identifier `\uut.head' is implicitly declared.
formal_top.sv:52: Warning: Identifier `\uut.tail' is implicitly declared.
formal_top.sv:53: Warning: Identifier `\uut.can_wr' is implicitly declared.
formal_top.sv:54: Warning: Identifier `\uut.can_rd' is implicitly declared.

4.2.1. Analyzing design hierarchy..
Top module:  \fifo_sync_formal_top
Parameter \DATA_W = 8
Parameter \DEPTH = 8

4.2.2. Executing AST frontend in derive mode using pre-parsed AST for module `\fifo_sync_assert'.
Parameter \DATA_W = 8
Parameter \DEPTH = 8
Generating RTLIL representation for module `$paramod$2b3d24bfaa35e5f27d513adaa825e8851a6f5102\fifo_sync_assert'.
Parameter \DATA_W = 8
Parameter \DEPTH = 8

4.2.3. Executing AST frontend in derive mode using pre-parsed AST for module `\fifo_sync'.
Parameter \DATA_W = 8
Parameter \DEPTH = 8
Generating RTLIL representation for module `$paramod$2b3d24bfaa35e5f27d513adaa825e8851a6f5102\fifo_sync'.
Warning: Replacing memory \mem with list of registers. See buggy.v:47

4.2.4. Analyzing design hierarchy..
Top module:  \fifo_sync_formal_top
Used module:     $paramod$2b3d24bfaa35e5f27d513adaa825e8851a6f5102\fifo_sync_assert
Used module:     $paramod$2b3d24bfaa35e5f27d513adaa825e8851a6f5102\fifo_sync

4.2.5. Analyzing design hierarchy..
Top module:  \fifo_sync_formal_top
Used module:     $paramod$2b3d24bfaa35e5f27d513adaa825e8851a6f5102\fifo_sync_assert
Used module:     $paramod$2b3d24bfaa35e5f27d513adaa825e8851a6f5102\fifo_sync
Removing unused module `$abstract\fifo_sync_formal_top'.
Removing unused module `$abstract\fifo_sync_assert'.
Removing unused module `$abstract\fifo_sync'.
Removed 3 unused modules.
Module $paramod$2b3d24bfaa35e5f27d513adaa825e8851a6f5102\fifo_sync_assert directly or indirectly contains formal properties -> setting "keep" attribute.
Module fifo_sync_formal_top directly or indirectly contains formal properties -> setting "keep" attribute.
Warning: Resizing cell port fifo_sync_formal_top.u_assert.tail from 1 bits to 3 bits.
Warning: Resizing cell port fifo_sync_formal_top.u_assert.head from 1 bits to 3 bits.
Warning: Resizing cell port fifo_sync_formal_top.u_assert.count from 1 bits to 4 bits.

4.3. Executing PROC pass (convert processes to netlists).

4.3.1. Executing PROC_CLEAN pass (remove empty switches from decision trees).
Cleaned up 0 empty switches.

4.3.2. Executing PROC_RMDEAD pass (remove dead branches from decision trees).
Removed 1 dead cases from process $proc$buggy.v:38$85 in module $paramod$2b3d24bfaa35e5f27d513adaa825e8851a6f5102\fifo_sync.
Marked 7 switch rules as full_case in process $proc$buggy.v:38$85 in module $paramod$2b3d24bfaa35e5f27d513adaa825e8851a6f5102\fifo_sync.
Marked 2 switch rules as full_case in process $proc$assertions.sv:88$33 in module $paramod$2b3d24bfaa35e5f27d513adaa825e8851a6f5102\fifo_sync_assert.
Marked 1 switch rules as full_case in process $proc$assertions.sv:71$20 in module $paramod$2b3d24bfaa35e5f27d513adaa825e8851a6f5102\fifo_sync_assert.
Marked 1 switch rules as full_case in process $proc$assertions.sv:62$14 in module $paramod$2b3d24bfaa35e5f27d513adaa825e8851a6f5102\fifo_sync_assert.
Marked 1 switch rules as full_case in process $proc$assertions.sv:43$12 in module $paramod$2b3d24bfaa35e5f27d513adaa825e8851a6f5102\fifo_sync_assert.
Removed a total of 1 dead cases.

4.3.3. Executing PROC_PRUNE pass (remove redundant assignments in processes).
Removed 6 redundant assignments.
Promoted 21 assignments to connections.

4.3.4. Executing PROC_INIT pass (extract init attributes).
Found init rule in `$paramod$2b3d24bfaa35e5f27d513adaa825e8851a6f5102\fifo_sync.$proc$buggy.v:0$105'.
  Set init value: \count = 4'0000
  Set init value: \head = 3'000
  Set init value: \tail = 3'000
Found init rule in `$paramod$2b3d24bfaa35e5f27d513adaa825e8851a6f5102\fifo_sync_assert.$proc$assertions.sv:0$76'.
  Set init value: $formal$assertions.sv:102$8_EN = 1'0
Found init rule in `$paramod$2b3d24bfaa35e5f27d513adaa825e8851a6f5102\fifo_sync_assert.$proc$assertions.sv:0$74'.
  Set init value: $formal$assertions.sv:94$7_EN = 1'0
Found init rule in `$paramod$2b3d24bfaa35e5f27d513adaa825e8851a6f5102\fifo_sync_assert.$proc$assertions.sv:0$72'.
  Set init value: $formal$assertions.sv:92$6_EN = 1'0
Found init rule in `$paramod$2b3d24bfaa35e5f27d513adaa825e8851a6f5102\fifo_sync_assert.$proc$assertions.sv:0$70'.
  Set init value: $formal$assertions.sv:90$5_EN = 1'0
Found init rule in `$paramod$2b3d24bfaa35e5f27d513adaa825e8851a6f5102\fifo_sync_assert.$proc$assertions.sv:0$68'.
  Set init value: $formal$assertions.sv:82$4_EN = 1'0
Found init rule in `$paramod$2b3d24bfaa35e5f27d513adaa825e8851a6f5102\fifo_sync_assert.$proc$assertions.sv:0$66'.
  Set init value: $formal$assertions.sv:81$3_EN = 1'0
Found init rule in `$paramod$2b3d24bfaa35e5f27d513adaa825e8851a6f5102\fifo_sync_assert.$proc$assertions.sv:0$64'.
  Set init value: $formal$assertions.sv:74$2_EN = 1'0
Found init rule in `$paramod$2b3d24bfaa35e5f27d513adaa825e8851a6f5102\fifo_sync_assert.$proc$assertions.sv:0$62'.
  Set init value: $formal$assertions.sv:65$1_EN = 1'0
Found init rule in `$paramod$2b3d24bfaa35e5f27d513adaa825e8851a6f5102\fifo_sync_assert.$proc$assertions.sv:0$61'.
  Set init value: \full_d = 1'0
  Set init value: \empty_d = 1'0
  Set init value: \wr_en_d = 1'0
  Set init value: \rd_en_d = 1'0
  Set init value: \count_d = 4'0000
  Set init value: \delta_d = 2'00

4.3.5. Executing PROC_ARST pass (detect async resets in processes).
Found async reset \rst_n in `$paramod$2b3d24bfaa35e5f27d513adaa825e8851a6f5102\fifo_sync.$proc$buggy.v:38$85'.
Found async reset \rst_n in `$paramod$2b3d24bfaa35e5f27d513adaa825e8851a6f5102\fifo_sync_assert.$proc$assertions.sv:101$48'.
Found async reset \rst_n in `$paramod$2b3d24bfaa35e5f27d513adaa825e8851a6f5102\fifo_sync_assert.$proc$assertions.sv:88$33'.
Found async reset \rst_n in `$paramod$2b3d24bfaa35e5f27d513adaa825e8851a6f5102\fifo_sync_assert.$proc$assertions.sv:80$26'.
Found async reset \rst_n in `$paramod$2b3d24bfaa35e5f27d513adaa825e8851a6f5102\fifo_sync_assert.$proc$assertions.sv:71$20'.
Found async reset \rst_n in `$paramod$2b3d24bfaa35e5f27d513adaa825e8851a6f5102\fifo_sync_assert.$proc$assertions.sv:62$14'.
Found async reset \rst_n in `$paramod$2b3d24bfaa35e5f27d513adaa825e8851a6f5102\fifo_sync_assert.$proc$assertions.sv:43$12'.

4.3.6. Executing PROC_ROM pass (convert switches to ROMs).
Converted 0 switches.
<suppressed ~12 debug messages>

4.3.7. Executing PROC_MUX pass (convert decision trees to multiplexers).
Creating decoders for process `$paramod$2b3d24bfaa35e5f27d513adaa825e8851a6f5102\fifo_sync.$proc$buggy.v:0$105'.
Creating decoders for process `$paramod$2b3d24bfaa35e5f27d513adaa825e8851a6f5102\fifo_sync.$proc$buggy.v:38$85'.
     1/21: $3$mem2reg_rd$\mem$buggy.v:52$79_DATA[7:0]$100
     2/21: $2$mem2reg_rd$\mem$buggy.v:52$79_DATA[7:0]$99
     3/21: $2$mem2reg_rd$\mem$buggy.v:52$79_ADDR[2:0]$98
     4/21: $2$mem2reg_wr$\mem$buggy.v:47$78_ADDR[2:0]$95
     5/21: $2$mem2reg_wr$\mem$buggy.v:47$78_DATA[7:0]$96
     6/21: $1$mem2reg_rd$\mem$buggy.v:52$79_DATA[7:0]$94
     7/21: $1$mem2reg_rd$\mem$buggy.v:52$79_ADDR[2:0]$93
     8/21: $1$mem2reg_wr$\mem$buggy.v:47$78_DATA[7:0]$92
     9/21: $1$mem2reg_wr$\mem$buggy.v:47$78_ADDR[2:0]$91
    10/21: $0\mem[7][7:0]
    11/21: $0\mem[6][7:0]
    12/21: $0\mem[5][7:0]
    13/21: $0\mem[4][7:0]
    14/21: $0\mem[3][7:0]
    15/21: $0\mem[2][7:0]
    16/21: $0\mem[1][7:0]
    17/21: $0\mem[0][7:0]
    18/21: $0\tail[2:0]
    19/21: $0\head[2:0]
    20/21: $0\count[3:0]
    21/21: $0\dout[7:0]
Creating decoders for process `$paramod$2b3d24bfaa35e5f27d513adaa825e8851a6f5102\fifo_sync_assert.$proc$assertions.sv:0$76'.
Creating decoders for process `$paramod$2b3d24bfaa35e5f27d513adaa825e8851a6f5102\fifo_sync_assert.$proc$assertions.sv:0$74'.
Creating decoders for process `$paramod$2b3d24bfaa35e5f27d513adaa825e8851a6f5102\fifo_sync_assert.$proc$assertions.sv:0$72'.
Creating decoders for process `$paramod$2b3d24bfaa35e5f27d513adaa825e8851a6f5102\fifo_sync_assert.$proc$assertions.sv:0$70'.
Creating decoders for process `$paramod$2b3d24bfaa35e5f27d513adaa825e8851a6f5102\fifo_sync_assert.$proc$assertions.sv:0$68'.
Creating decoders for process `$paramod$2b3d24bfaa35e5f27d513adaa825e8851a6f5102\fifo_sync_assert.$proc$assertions.sv:0$66'.
Creating decoders for process `$paramod$2b3d24bfaa35e5f27d513adaa825e8851a6f5102\fifo_sync_assert.$proc$assertions.sv:0$64'.
Creating decoders for process `$paramod$2b3d24bfaa35e5f27d513adaa825e8851a6f5102\fifo_sync_assert.$proc$assertions.sv:0$62'.
Creating decoders for process `$paramod$2b3d24bfaa35e5f27d513adaa825e8851a6f5102\fifo_sync_assert.$proc$assertions.sv:0$61'.
Creating decoders for process `$paramod$2b3d24bfaa35e5f27d513adaa825e8851a6f5102\fifo_sync_assert.$proc$assertions.sv:101$48'.
     1/2: $0$formal$assertions.sv:102$8_EN[0:0]$50
     2/2: $0$formal$assertions.sv:102$8_CHECK[0:0]$49
Creating decoders for process `$paramod$2b3d24bfaa35e5f27d513adaa825e8851a6f5102\fifo_sync_assert.$proc$assertions.sv:88$33'.
     1/6: $0$formal$assertions.sv:90$5_EN[0:0]$35
     2/6: $0$formal$assertions.sv:90$5_CHECK[0:0]$34
     3/6: $0$formal$assertions.sv:92$6_EN[0:0]$37
     4/6: $0$formal$assertions.sv:92$6_CHECK[0:0]$36
     5/6: $0$formal$assertions.sv:94$7_EN[0:0]$39
     6/6: $0$formal$assertions.sv:94$7_CHECK[0:0]$38
Creating decoders for process `$paramod$2b3d24bfaa35e5f27d513adaa825e8851a6f5102\fifo_sync_assert.$proc$assertions.sv:80$26'.
     1/4: $0$formal$assertions.sv:81$3_EN[0:0]$28
     2/4: $0$formal$assertions.sv:81$3_CHECK[0:0]$27
     3/4: $0$formal$assertions.sv:82$4_EN[0:0]$30
     4/4: $0$formal$assertions.sv:82$4_CHECK[0:0]$29
Creating decoders for process `$paramod$2b3d24bfaa35e5f27d513adaa825e8851a6f5102\fifo_sync_assert.$proc$assertions.sv:71$20'.
     1/2: $0$formal$assertions.sv:74$2_EN[0:0]$22
     2/2: $0$formal$assertions.sv:74$2_CHECK[0:0]$21
Creating decoders for process `$paramod$2b3d24bfaa35e5f27d513adaa825e8851a6f5102\fifo_sync_assert.$proc$assertions.sv:62$14'.
     1/2: $0$formal$assertions.sv:65$1_EN[0:0]$16
     2/2: $0$formal$assertions.sv:65$1_CHECK[0:0]$15
Creating decoders for process `$paramod$2b3d24bfaa35e5f27d513adaa825e8851a6f5102\fifo_sync_assert.$proc$assertions.sv:43$12'.
     1/6: $0\delta_d[1:0]
     2/6: $0\count_d[3:0]
     3/6: $0\rd_en_d[0:0]
     4/6: $0\wr_en_d[0:0]
     5/6: $0\empty_d[0:0]
     6/6: $0\full_d[0:0]

4.3.8. Executing PROC_DLATCH pass (convert process syncs to latches).

4.3.9. Executing PROC_DFF pass (convert process syncs to FFs).
Creating register for signal `$paramod$2b3d24bfaa35e5f27d513adaa825e8851a6f5102\fifo_sync.\dout' using process `$paramod$2b3d24bfaa35e5f27d513adaa825e8851a6f5102\fifo_sync.$proc$buggy.v:38$85'.
  created $adff cell `$procdff$257' with positive edge clock and negative level reset.
Creating register for signal `$paramod$2b3d24bfaa35e5f27d513adaa825e8851a6f5102\fifo_sync.\count' using process `$paramod$2b3d24bfaa35e5f27d513adaa825e8851a6f5102\fifo_sync.$proc$buggy.v:38$85'.
  created $adff cell `$procdff$258' with positive edge clock and negative level reset.
Creating register for signal `$paramod$2b3d24bfaa35e5f27d513adaa825e8851a6f5102\fifo_sync.\head' using process `$paramod$2b3d24bfaa35e5f27d513adaa825e8851a6f5102\fifo_sync.$proc$buggy.v:38$85'.
  created $adff cell `$procdff$259' with positive edge clock and negative level reset.
Creating register for signal `$paramod$2b3d24bfaa35e5f27d513adaa825e8851a6f5102\fifo_sync.\tail' using process `$paramod$2b3d24bfaa35e5f27d513adaa825e8851a6f5102\fifo_sync.$proc$buggy.v:38$85'.
  created $adff cell `$procdff$260' with positive edge clock and negative level reset.
Creating register for signal `$paramod$2b3d24bfaa35e5f27d513adaa825e8851a6f5102\fifo_sync.\mem[0]' using process `$paramod$2b3d24bfaa35e5f27d513adaa825e8851a6f5102\fifo_sync.$proc$buggy.v:38$85'.
  created $dff cell `$procdff$263' with positive edge clock.
Creating register for signal `$paramod$2b3d24bfaa35e5f27d513adaa825e8851a6f5102\fifo_sync.\mem[1]' using process `$paramod$2b3d24bfaa35e5f27d513adaa825e8851a6f5102\fifo_sync.$proc$buggy.v:38$85'.
  created $dff cell `$procdff$266' with positive edge clock.
Creating register for signal `$paramod$2b3d24bfaa35e5f27d513adaa825e8851a6f5102\fifo_sync.\mem[2]' using process `$paramod$2b3d24bfaa35e5f27d513adaa825e8851a6f5102\fifo_sync.$proc$buggy.v:38$85'.
  created $dff cell `$procdff$269' with positive edge clock.
Creating register for signal `$paramod$2b3d24bfaa35e5f27d513adaa825e8851a6f5102\fifo_sync.\mem[3]' using process `$paramod$2b3d24bfaa35e5f27d513adaa825e8851a6f5102\fifo_sync.$proc$buggy.v:38$85'.
  created $dff cell `$procdff$272' with positive edge clock.
Creating register for signal `$paramod$2b3d24bfaa35e5f27d513adaa825e8851a6f5102\fifo_sync.\mem[4]' using process `$paramod$2b3d24bfaa35e5f27d513adaa825e8851a6f5102\fifo_sync.$proc$buggy.v:38$85'.
  created $dff cell `$procdff$275' with positive edge clock.
Creating register for signal `$paramod$2b3d24bfaa35e5f27d513adaa825e8851a6f5102\fifo_sync.\mem[5]' using process `$paramod$2b3d24bfaa35e5f27d513adaa825e8851a6f5102\fifo_sync.$proc$buggy.v:38$85'.
  created $dff cell `$procdff$278' with positive edge clock.
Creating register for signal `$paramod$2b3d24bfaa35e5f27d513adaa825e8851a6f5102\fifo_sync.\mem[6]' using process `$paramod$2b3d24bfaa35e5f27d513adaa825e8851a6f5102\fifo_sync.$proc$buggy.v:38$85'.
  created $dff cell `$procdff$281' with positive edge clock.
Creating register for signal `$paramod$2b3d24bfaa35e5f27d513adaa825e8851a6f5102\fifo_sync.\mem[7]' using process `$paramod$2b3d24bfaa35e5f27d513adaa825e8851a6f5102\fifo_sync.$proc$buggy.v:38$85'.
  created $dff cell `$procdff$284' with positive edge clock.
Creating register for signal `$paramod$2b3d24bfaa35e5f27d513adaa825e8851a6f5102\fifo_sync.$mem2reg_wr$\mem$buggy.v:47$78_ADDR' using process `$paramod$2b3d24bfaa35e5f27d513adaa825e8851a6f5102\fifo_sync.$proc$buggy.v:38$85'.
  created $adff cell `$procdff$285' with positive edge clock and negative level reset.
Creating register for signal `$paramod$2b3d24bfaa35e5f27d513adaa825e8851a6f5102\fifo_sync.$mem2reg_wr$\mem$buggy.v:47$78_DATA' using process `$paramod$2b3d24bfaa35e5f27d513adaa825e8851a6f5102\fifo_sync.$proc$buggy.v:38$85'.
  created $adff cell `$procdff$286' with positive edge clock and negative level reset.
Creating register for signal `$paramod$2b3d24bfaa35e5f27d513adaa825e8851a6f5102\fifo_sync.$mem2reg_rd$\mem$buggy.v:52$79_ADDR' using process `$paramod$2b3d24bfaa35e5f27d513adaa825e8851a6f5102\fifo_sync.$proc$buggy.v:38$85'.
  created $adff cell `$procdff$287' with positive edge clock and negative level reset.
Creating register for signal `$paramod$2b3d24bfaa35e5f27d513adaa825e8851a6f5102\fifo_sync.$mem2reg_rd$\mem$buggy.v:52$79_DATA' using process `$paramod$2b3d24bfaa35e5f27d513adaa825e8851a6f5102\fifo_sync.$proc$buggy.v:38$85'.
  created $adff cell `$procdff$288' with positive edge clock and negative level reset.
Creating register for signal `$paramod$2b3d24bfaa35e5f27d513adaa825e8851a6f5102\fifo_sync_assert.$formal$assertions.sv:102$8_CHECK' using process `$paramod$2b3d24bfaa35e5f27d513adaa825e8851a6f5102\fifo_sync_assert.$proc$assertions.sv:101$48'.
  created $adff cell `$procdff$289' with positive edge clock and negative level reset.
Creating register for signal `$paramod$2b3d24bfaa35e5f27d513adaa825e8851a6f5102\fifo_sync_assert.$formal$assertions.sv:102$8_EN' using process `$paramod$2b3d24bfaa35e5f27d513adaa825e8851a6f5102\fifo_sync_assert.$proc$assertions.sv:101$48'.
  created $adff cell `$procdff$290' with positive edge clock and negative level reset.
Creating register for signal `$paramod$2b3d24bfaa35e5f27d513adaa825e8851a6f5102\fifo_sync_assert.$formal$assertions.sv:90$5_CHECK' using process `$paramod$2b3d24bfaa35e5f27d513adaa825e8851a6f5102\fifo_sync_assert.$proc$assertions.sv:88$33'.
  created $adff cell `$procdff$291' with positive edge clock and negative level reset.
Creating register for signal `$paramod$2b3d24bfaa35e5f27d513adaa825e8851a6f5102\fifo_sync_assert.$formal$assertions.sv:90$5_EN' using process `$paramod$2b3d24bfaa35e5f27d513adaa825e8851a6f5102\fifo_sync_assert.$proc$assertions.sv:88$33'.
  created $adff cell `$procdff$292' with positive edge clock and negative level reset.
Creating register for signal `$paramod$2b3d24bfaa35e5f27d513adaa825e8851a6f5102\fifo_sync_assert.$formal$assertions.sv:92$6_CHECK' using process `$paramod$2b3d24bfaa35e5f27d513adaa825e8851a6f5102\fifo_sync_assert.$proc$assertions.sv:88$33'.
  created $adff cell `$procdff$293' with positive edge clock and negative level reset.
Creating register for signal `$paramod$2b3d24bfaa35e5f27d513adaa825e8851a6f5102\fifo_sync_assert.$formal$assertions.sv:92$6_EN' using process `$paramod$2b3d24bfaa35e5f27d513adaa825e8851a6f5102\fifo_sync_assert.$proc$assertions.sv:88$33'.
  created $adff cell `$procdff$294' with positive edge clock and negative level reset.
Creating register for signal `$paramod$2b3d24bfaa35e5f27d513adaa825e8851a6f5102\fifo_sync_assert.$formal$assertions.sv:94$7_CHECK' using process `$paramod$2b3d24bfaa35e5f27d513adaa825e8851a6f5102\fifo_sync_assert.$proc$assertions.sv:88$33'.
  created $adff cell `$procdff$295' with positive edge clock and negative level reset.
Creating register for signal `$paramod$2b3d24bfaa35e5f27d513adaa825e8851a6f5102\fifo_sync_assert.$formal$assertions.sv:94$7_EN' using process `$paramod$2b3d24bfaa35e5f27d513adaa825e8851a6f5102\fifo_sync_assert.$proc$assertions.sv:88$33'.
  created $adff cell `$procdff$296' with positive edge clock and negative level reset.
Creating register for signal `$paramod$2b3d24bfaa35e5f27d513adaa825e8851a6f5102\fifo_sync_assert.$formal$assertions.sv:81$3_CHECK' using process `$paramod$2b3d24bfaa35e5f27d513adaa825e8851a6f5102\fifo_sync_assert.$proc$assertions.sv:80$26'.
  created $adff cell `$procdff$297' with positive edge clock and negative level reset.
Creating register for signal `$paramod$2b3d24bfaa35e5f27d513adaa825e8851a6f5102\fifo_sync_assert.$formal$assertions.sv:81$3_EN' using process `$paramod$2b3d24bfaa35e5f27d513adaa825e8851a6f5102\fifo_sync_assert.$proc$assertions.sv:80$26'.
  created $adff cell `$procdff$298' with positive edge clock and negative level reset.
Creating register for signal `$paramod$2b3d24bfaa35e5f27d513adaa825e8851a6f5102\fifo_sync_assert.$formal$assertions.sv:82$4_CHECK' using process `$paramod$2b3d24bfaa35e5f27d513adaa825e8851a6f5102\fifo_sync_assert.$proc$assertions.sv:80$26'.
  created $adff cell `$procdff$299' with positive edge clock and negative level reset.
Creating register for signal `$paramod$2b3d24bfaa35e5f27d513adaa825e8851a6f5102\fifo_sync_assert.$formal$assertions.sv:82$4_EN' using process `$paramod$2b3d24bfaa35e5f27d513adaa825e8851a6f5102\fifo_sync_assert.$proc$assertions.sv:80$26'.
  created $adff cell `$procdff$300' with positive edge clock and negative level reset.
Creating register for signal `$paramod$2b3d24bfaa35e5f27d513adaa825e8851a6f5102\fifo_sync_assert.$formal$assertions.sv:74$2_CHECK' using process `$paramod$2b3d24bfaa35e5f27d513adaa825e8851a6f5102\fifo_sync_assert.$proc$assertions.sv:71$20'.
  created $adff cell `$procdff$301' with positive edge clock and negative level reset.
Creating register for signal `$paramod$2b3d24bfaa35e5f27d513adaa825e8851a6f5102\fifo_sync_assert.$formal$assertions.sv:74$2_EN' using process `$paramod$2b3d24bfaa35e5f27d513adaa825e8851a6f5102\fifo_sync_assert.$proc$assertions.sv:71$20'.
  created $adff cell `$procdff$302' with positive edge clock and negative level reset.
Creating register for signal `$paramod$2b3d24bfaa35e5f27d513adaa825e8851a6f5102\fifo_sync_assert.$formal$assertions.sv:65$1_CHECK' using process `$paramod$2b3d24bfaa35e5f27d513adaa825e8851a6f5102\fifo_sync_assert.$proc$assertions.sv:62$14'.
  created $adff cell `$procdff$303' with positive edge clock and negative level reset.
Creating register for signal `$paramod$2b3d24bfaa35e5f27d513adaa825e8851a6f5102\fifo_sync_assert.$formal$assertions.sv:65$1_EN' using process `$paramod$2b3d24bfaa35e5f27d513adaa825e8851a6f5102\fifo_sync_assert.$proc$assertions.sv:62$14'.
  created $adff cell `$procdff$304' with positive edge clock and negative level reset.
Creating register for signal `$paramod$2b3d24bfaa35e5f27d513adaa825e8851a6f5102\fifo_sync_assert.\full_d' using process `$paramod$2b3d24bfaa35e5f27d513adaa825e8851a6f5102\fifo_sync_assert.$proc$assertions.sv:43$12'.
  created $adff cell `$procdff$305' with positive edge clock and negative level reset.
Creating register for signal `$paramod$2b3d24bfaa35e5f27d513adaa825e8851a6f5102\fifo_sync_assert.\empty_d' using process `$paramod$2b3d24bfaa35e5f27d513adaa825e8851a6f5102\fifo_sync_assert.$proc$assertions.sv:43$12'.
  created $adff cell `$procdff$306' with positive edge clock and negative level reset.
Creating register for signal `$paramod$2b3d24bfaa35e5f27d513adaa825e8851a6f5102\fifo_sync_assert.\wr_en_d' using process `$paramod$2b3d24bfaa35e5f27d513adaa825e8851a6f5102\fifo_sync_assert.$proc$assertions.sv:43$12'.
  created $adff cell `$procdff$307' with positive edge clock and negative level reset.
Creating register for signal `$paramod$2b3d24bfaa35e5f27d513adaa825e8851a6f5102\fifo_sync_assert.\rd_en_d' using process `$paramod$2b3d24bfaa35e5f27d513adaa825e8851a6f5102\fifo_sync_assert.$proc$assertions.sv:43$12'.
  created $adff cell `$procdff$308' with positive edge clock and negative level reset.
Creating register for signal `$paramod$2b3d24bfaa35e5f27d513adaa825e8851a6f5102\fifo_sync_assert.\count_d' using process `$paramod$2b3d24bfaa35e5f27d513adaa825e8851a6f5102\fifo_sync_assert.$proc$assertions.sv:43$12'.
  created $adff cell `$procdff$309' with positive edge clock and negative level reset.
Creating register for signal `$paramod$2b3d24bfaa35e5f27d513adaa825e8851a6f5102\fifo_sync_assert.\delta_d' using process `$paramod$2b3d24bfaa35e5f27d513adaa825e8851a6f5102\fifo_sync_assert.$proc$assertions.sv:43$12'.
  created $adff cell `$procdff$310' with positive edge clock and negative level reset.

4.3.10. Executing PROC_MEMWR pass (convert process memory writes to cells).

4.3.11. Executing PROC_CLEAN pass (remove empty switches from decision trees).
Removing empty process `$paramod$2b3d24bfaa35e5f27d513adaa825e8851a6f5102\fifo_sync.$proc$buggy.v:0$105'.
Found and cleaned up 7 empty switches in `$paramod$2b3d24bfaa35e5f27d513adaa825e8851a6f5102\fifo_sync.$proc$buggy.v:38$85'.
Removing empty process `$paramod$2b3d24bfaa35e5f27d513adaa825e8851a6f5102\fifo_sync.$proc$buggy.v:38$85'.
Removing empty process `$paramod$2b3d24bfaa35e5f27d513adaa825e8851a6f5102\fifo_sync_assert.$proc$assertions.sv:0$76'.
Removing empty process `$paramod$2b3d24bfaa35e5f27d513adaa825e8851a6f5102\fifo_sync_assert.$proc$assertions.sv:0$74'.
Removing empty process `$paramod$2b3d24bfaa35e5f27d513adaa825e8851a6f5102\fifo_sync_assert.$proc$assertions.sv:0$72'.
Removing empty process `$paramod$2b3d24bfaa35e5f27d513adaa825e8851a6f5102\fifo_sync_assert.$proc$assertions.sv:0$70'.
Removing empty process `$paramod$2b3d24bfaa35e5f27d513adaa825e8851a6f5102\fifo_sync_assert.$proc$assertions.sv:0$68'.
Removing empty process `$paramod$2b3d24bfaa35e5f27d513adaa825e8851a6f5102\fifo_sync_assert.$proc$assertions.sv:0$66'.
Removing empty process `$paramod$2b3d24bfaa35e5f27d513adaa825e8851a6f5102\fifo_sync_assert.$proc$assertions.sv:0$64'.
Removing empty process `$paramod$2b3d24bfaa35e5f27d513adaa825e8851a6f5102\fifo_sync_assert.$proc$assertions.sv:0$62'.
Removing empty process `$paramod$2b3d24bfaa35e5f27d513adaa825e8851a6f5102\fifo_sync_assert.$proc$assertions.sv:0$61'.
Removing empty process `$paramod$2b3d24bfaa35e5f27d513adaa825e8851a6f5102\fifo_sync_assert.$proc$assertions.sv:101$48'.
Found and cleaned up 3 empty switches in `$paramod$2b3d24bfaa35e5f27d513adaa825e8851a6f5102\fifo_sync_assert.$proc$assertions.sv:88$33'.
Removing empty process `$paramod$2b3d24bfaa35e5f27d513adaa825e8851a6f5102\fifo_sync_assert.$proc$assertions.sv:88$33'.
Removing empty process `$paramod$2b3d24bfaa35e5f27d513adaa825e8851a6f5102\fifo_sync_assert.$proc$assertions.sv:80$26'.
Found and cleaned up 1 empty switch in `$paramod$2b3d24bfaa35e5f27d513adaa825e8851a6f5102\fifo_sync_assert.$proc$assertions.sv:71$20'.
Removing empty process `$paramod$2b3d24bfaa35e5f27d513adaa825e8851a6f5102\fifo_sync_assert.$proc$assertions.sv:71$20'.
Found and cleaned up 1 empty switch in `$paramod$2b3d24bfaa35e5f27d513adaa825e8851a6f5102\fifo_sync_assert.$proc$assertions.sv:62$14'.
Removing empty process `$paramod$2b3d24bfaa35e5f27d513adaa825e8851a6f5102\fifo_sync_assert.$proc$assertions.sv:62$14'.
Removing empty process `$paramod$2b3d24bfaa35e5f27d513adaa825e8851a6f5102\fifo_sync_assert.$proc$assertions.sv:43$12'.
Cleaned up 12 empty switches.

4.3.12. Executing OPT_EXPR pass (perform const folding).
Optimizing module $paramod$2b3d24bfaa35e5f27d513adaa825e8851a6f5102\fifo_sync.
<suppressed ~3 debug messages>
Optimizing module $paramod$2b3d24bfaa35e5f27d513adaa825e8851a6f5102\fifo_sync_assert.
<suppressed ~2 debug messages>
Optimizing module fifo_sync_formal_top.

4.4. Executing OPT_EXPR pass (perform const folding).
Optimizing module $paramod$2b3d24bfaa35e5f27d513adaa825e8851a6f5102\fifo_sync.
Optimizing module $paramod$2b3d24bfaa35e5f27d513adaa825e8851a6f5102\fifo_sync_assert.
Optimizing module fifo_sync_formal_top.

4.5. Executing OPT_CLEAN pass (remove unused cells and wires).
Finding unused cells or wires in module $paramod$2b3d24bfaa35e5f27d513adaa825e8851a6f5102\fifo_sync..
Finding unused cells or wires in module $paramod$2b3d24bfaa35e5f27d513adaa825e8851a6f5102\fifo_sync_assert..
Finding unused cells or wires in module \fifo_sync_formal_top..
Removed 12 unused cells and 116 unused wires.
<suppressed ~14 debug messages>

4.6. Executing CHECK pass (checking for obvious problems).
Checking module $paramod$2b3d24bfaa35e5f27d513adaa825e8851a6f5102\fifo_sync...
Checking module $paramod$2b3d24bfaa35e5f27d513adaa825e8851a6f5102\fifo_sync_assert...
Checking module fifo_sync_formal_top...
Warning: Wire fifo_sync_formal_top.\uut.tail is used but has no driver.
Warning: Wire fifo_sync_formal_top.\uut.head is used but has no driver.
Warning: Wire fifo_sync_formal_top.\uut.count is used but has no driver.
Warning: Wire fifo_sync_formal_top.\uut.can_wr is used but has no driver.
Warning: Wire fifo_sync_formal_top.\uut.can_rd is used but has no driver.
Found and reported 5 problems.

4.7. Executing OPT pass (performing simple optimizations).

4.7.1. Executing OPT_EXPR pass (perform const folding).
Optimizing module $paramod$2b3d24bfaa35e5f27d513adaa825e8851a6f5102\fifo_sync.
Optimizing module $paramod$2b3d24bfaa35e5f27d513adaa825e8851a6f5102\fifo_sync_assert.
Optimizing module fifo_sync_formal_top.

4.7.2. Executing OPT_MERGE pass (detect identical cells).
Finding identical cells in module `$paramod$2b3d24bfaa35e5f27d513adaa825e8851a6f5102\fifo_sync'.
Finding identical cells in module `$paramod$2b3d24bfaa35e5f27d513adaa825e8851a6f5102\fifo_sync_assert'.
<suppressed ~6 debug messages>
Finding identical cells in module `\fifo_sync_formal_top'.
Removed a total of 2 cells.

4.7.3. Executing OPT_MUXTREE pass (detect dead branches in mux trees).
Running muxtree optimizer on module $paramod$2b3d24bfaa35e5f27d513adaa825e8851a6f5102\fifo_sync..
  Creating internal representation of mux trees.
  Evaluating internal representation of mux trees.
  Analyzing evaluation results.
    dead port 2/2 on $mux $procmux$116.
Running muxtree optimizer on module $paramod$2b3d24bfaa35e5f27d513adaa825e8851a6f5102\fifo_sync_assert..
  Creating internal representation of mux trees.
  Evaluating internal representation of mux trees.
  Analyzing evaluation results.
Running muxtree optimizer on module \fifo_sync_formal_top..
  Creating internal representation of mux trees.
  No muxes found in this module.
Removed 1 multiplexer ports.
<suppressed ~24 debug messages>

4.7.4. Executing OPT_REDUCE pass (consolidate $*mux and $reduce_* inputs).
  Optimizing cells in module $paramod$2b3d24bfaa35e5f27d513adaa825e8851a6f5102\fifo_sync.
  Optimizing cells in module $paramod$2b3d24bfaa35e5f27d513adaa825e8851a6f5102\fifo_sync_assert.
  Optimizing cells in module \fifo_sync_formal_top.
Performed a total of 0 changes.

4.7.5. Executing OPT_MERGE pass (detect identical cells).
Finding identical cells in module `$paramod$2b3d24bfaa35e5f27d513adaa825e8851a6f5102\fifo_sync'.
Finding identical cells in module `$paramod$2b3d24bfaa35e5f27d513adaa825e8851a6f5102\fifo_sync_assert'.
Finding identical cells in module `\fifo_sync_formal_top'.
Removed a total of 0 cells.

4.7.6. Executing OPT_CLEAN pass (remove unused cells and wires).
Finding unused cells or wires in module $paramod$2b3d24bfaa35e5f27d513adaa825e8851a6f5102\fifo_sync..
Finding unused cells or wires in module $paramod$2b3d24bfaa35e5f27d513adaa825e8851a6f5102\fifo_sync_assert..
Finding unused cells or wires in module \fifo_sync_formal_top..
Removed 0 unused cells and 3 unused wires.
<suppressed ~2 debug messages>

4.7.7. Executing OPT_EXPR pass (perform const folding).
Optimizing module $paramod$2b3d24bfaa35e5f27d513adaa825e8851a6f5102\fifo_sync.
Optimizing module $paramod$2b3d24bfaa35e5f27d513adaa825e8851a6f5102\fifo_sync_assert.
Optimizing module fifo_sync_formal_top.

4.7.8. Rerunning OPT passes. (Maybe there is more to do..)

4.7.9. Executing OPT_MUXTREE pass (detect dead branches in mux trees).
Running muxtree optimizer on module $paramod$2b3d24bfaa35e5f27d513adaa825e8851a6f5102\fifo_sync..
  Creating internal representation of mux trees.
  Evaluating internal representation of mux trees.
  Analyzing evaluation results.
Running muxtree optimizer on module $paramod$2b3d24bfaa35e5f27d513adaa825e8851a6f5102\fifo_sync_assert..
  Creating internal representation of mux trees.
  Evaluating internal representation of mux trees.
  Analyzing evaluation results.
Running muxtree optimizer on module \fifo_sync_formal_top..
  Creating internal representation of mux trees.
  No muxes found in this module.
Removed 0 multiplexer ports.
<suppressed ~24 debug messages>

4.7.10. Executing OPT_REDUCE pass (consolidate $*mux and $reduce_* inputs).
  Optimizing cells in module $paramod$2b3d24bfaa35e5f27d513adaa825e8851a6f5102\fifo_sync.
  Optimizing cells in module $paramod$2b3d24bfaa35e5f27d513adaa825e8851a6f5102\fifo_sync_assert.
  Optimizing cells in module \fifo_sync_formal_top.
Performed a total of 0 changes.

4.7.11. Executing OPT_MERGE pass (detect identical cells).
Finding identical cells in module `$paramod$2b3d24bfaa35e5f27d513adaa825e8851a6f5102\fifo_sync'.
Finding identical cells in module `$paramod$2b3d24bfaa35e5f27d513adaa825e8851a6f5102\fifo_sync_assert'.
Finding identical cells in module `\fifo_sync_formal_top'.
Removed a total of 0 cells.

4.7.12. Executing OPT_CLEAN pass (remove unused cells and wires).
Finding unused cells or wires in module $paramod$2b3d24bfaa35e5f27d513adaa825e8851a6f5102\fifo_sync..
Finding unused cells or wires in module $paramod$2b3d24bfaa35e5f27d513adaa825e8851a6f5102\fifo_sync_assert..
Finding unused cells or wires in module \fifo_sync_formal_top..

4.7.13. Executing OPT_EXPR pass (perform const folding).
Optimizing module $paramod$2b3d24bfaa35e5f27d513adaa825e8851a6f5102\fifo_sync.
Optimizing module $paramod$2b3d24bfaa35e5f27d513adaa825e8851a6f5102\fifo_sync_assert.
Optimizing module fifo_sync_formal_top.

4.7.14. Finished OPT passes. (There is nothing left to do.)

4.8. Executing WREDUCE pass (reducing word size of cells).
Removed top 29 bits (of 32) from port B of cell $paramod$2b3d24bfaa35e5f27d513adaa825e8851a6f5102\fifo_sync.$ge$buggy.v:35$84 ($ge).
Removed top 1 bits (of 3) from port B of cell $paramod$2b3d24bfaa35e5f27d513adaa825e8851a6f5102\fifo_sync.$procmux$112_CMP0 ($eq).
Removed top 1 bits (of 3) from port B of cell $paramod$2b3d24bfaa35e5f27d513adaa825e8851a6f5102\fifo_sync.$procmux$113_CMP0 ($eq).
Removed top 2 bits (of 3) from port B of cell $paramod$2b3d24bfaa35e5f27d513adaa825e8851a6f5102\fifo_sync.$procmux$114_CMP0 ($eq).
Removed top 1 bits (of 3) from port B of cell $paramod$2b3d24bfaa35e5f27d513adaa825e8851a6f5102\fifo_sync.$procmux$162_CMP0 ($eq).
Removed top 1 bits (of 3) from port B of cell $paramod$2b3d24bfaa35e5f27d513adaa825e8851a6f5102\fifo_sync.$procmux$172_CMP0 ($eq).
Removed top 2 bits (of 3) from port B of cell $paramod$2b3d24bfaa35e5f27d513adaa825e8851a6f5102\fifo_sync.$procmux$183_CMP0 ($eq).
Removed top 1 bits (of 2) from mux cell $paramod$2b3d24bfaa35e5f27d513adaa825e8851a6f5102\fifo_sync_assert.$ternary$assertions.sv:40$9 ($mux).
Removed top 1 bits (of 2) from mux cell $paramod$2b3d24bfaa35e5f27d513adaa825e8851a6f5102\fifo_sync_assert.$ternary$assertions.sv:40$10 ($mux).
Removed top 1 bits (of 2) from port A of cell $paramod$2b3d24bfaa35e5f27d513adaa825e8851a6f5102\fifo_sync_assert.$sub$assertions.sv:40$11 ($sub).
Removed top 1 bits (of 2) from port B of cell $paramod$2b3d24bfaa35e5f27d513adaa825e8851a6f5102\fifo_sync_assert.$sub$assertions.sv:40$11 ($sub).
Removed top 28 bits (of 32) from port B of cell $paramod$2b3d24bfaa35e5f27d513adaa825e8851a6f5102\fifo_sync_assert.$lt$assertions.sv:82$31 ($lt).
Removed top 28 bits (of 32) from port B of cell $paramod$2b3d24bfaa35e5f27d513adaa825e8851a6f5102\fifo_sync_assert.$lt$assertions.sv:83$32 ($lt).
Removed top 1 bits (of 2) from port B of cell $paramod$2b3d24bfaa35e5f27d513adaa825e8851a6f5102\fifo_sync_assert.$eq$assertions.sv:92$42 ($eq).
Removed top 29 bits (of 32) from port B of cell $paramod$2b3d24bfaa35e5f27d513adaa825e8851a6f5102\fifo_sync_assert.$ge$assertions.sv:103$51 ($ge).
Removed top 1 bits (of 2) from wire $paramod$2b3d24bfaa35e5f27d513adaa825e8851a6f5102\fifo_sync_assert.$ternary$assertions.sv:40$10_Y.
Removed top 1 bits (of 2) from wire $paramod$2b3d24bfaa35e5f27d513adaa825e8851a6f5102\fifo_sync_assert.$ternary$assertions.sv:40$9_Y.

4.9. Executing OPT_CLEAN pass (remove unused cells and wires).
Finding unused cells or wires in module $paramod$2b3d24bfaa35e5f27d513adaa825e8851a6f5102\fifo_sync..
Finding unused cells or wires in module $paramod$2b3d24bfaa35e5f27d513adaa825e8851a6f5102\fifo_sync_assert..
Finding unused cells or wires in module \fifo_sync_formal_top..
Removed 0 unused cells and 2 unused wires.
<suppressed ~1 debug messages>

4.10. Executing MEMORY_COLLECT pass (generating $mem cells).

4.11. Executing OPT pass (performing simple optimizations).

4.11.1. Executing OPT_EXPR pass (perform const folding).
Optimizing module $paramod$2b3d24bfaa35e5f27d513adaa825e8851a6f5102\fifo_sync.
Optimizing module $paramod$2b3d24bfaa35e5f27d513adaa825e8851a6f5102\fifo_sync_assert.
Optimizing module fifo_sync_formal_top.

4.11.2. Executing OPT_MERGE pass (detect identical cells).
Finding identical cells in module `$paramod$2b3d24bfaa35e5f27d513adaa825e8851a6f5102\fifo_sync'.
Finding identical cells in module `$paramod$2b3d24bfaa35e5f27d513adaa825e8851a6f5102\fifo_sync_assert'.
Finding identical cells in module `\fifo_sync_formal_top'.
Removed a total of 0 cells.

4.11.3. Executing OPT_CLEAN pass (remove unused cells and wires).
Finding unused cells or wires in module $paramod$2b3d24bfaa35e5f27d513adaa825e8851a6f5102\fifo_sync..
Finding unused cells or wires in module $paramod$2b3d24bfaa35e5f27d513adaa825e8851a6f5102\fifo_sync_assert..
Finding unused cells or wires in module \fifo_sync_formal_top..

4.11.4. Finished fast OPT passes.

4.12. Printing statistics.

=== $paramod$2b3d24bfaa35e5f27d513adaa825e8851a6f5102\fifo_sync ===

   Number of wires:                 75
   Number of wire bits:            357
   Number of public wires:          22
   Number of public wire bits:      99
   Number of memories:               0
   Number of memory bits:            0
   Number of processes:              0
   Number of cells:                 69
     $add                            3
     $adff                           4
     $dff                            8
     $eq                            15
     $ge                             1
     $logic_and                      2
     $logic_not                      4
     $mux                           30
     $pmux                           1
     $sub                            1

=== $paramod$2b3d24bfaa35e5f27d513adaa825e8851a6f5102\fifo_sync_assert ===

   Number of wires:                 69
   Number of wire bits:            103
   Number of public wires:          21
   Number of public wire bits:      47
   Number of memories:               0
   Number of memory bits:            0
   Number of processes:              0
   Number of cells:                 63
     $add                            1
     $adff                          20
     $assert                         8
     $eq                             7
     $ge                             1
     $logic_and                      2
     $logic_not                      2
     $lt                             2
     $mux                           18
     $sub                            2

=== fifo_sync_formal_top ===

   Number of wires:                 14
   Number of wire bits:             28
   Number of public wires:          14
   Number of public wire bits:      28
   Number of memories:               0
   Number of memory bits:            0
   Number of processes:              0
   Number of cells:                  2
     $paramod$2b3d24bfaa35e5f27d513adaa825e8851a6f5102\fifo_sync      1
     $paramod$2b3d24bfaa35e5f27d513adaa825e8851a6f5102\fifo_sync_assert      1

=== design hierarchy ===

   fifo_sync_formal_top              1
     $paramod$2b3d24bfaa35e5f27d513adaa825e8851a6f5102\fifo_sync      1
     $paramod$2b3d24bfaa35e5f27d513adaa825e8851a6f5102\fifo_sync_assert      1

   Number of wires:                158
   Number of wire bits:            488
   Number of public wires:          57
   Number of public wire bits:     174
   Number of memories:               0
   Number of memory bits:            0
   Number of processes:              0
   Number of cells:                132
     $add                            4
     $adff                          24
     $assert                         8
     $dff                            8
     $eq                            22
     $ge                             2
     $logic_and                      4
     $logic_not                      6
     $lt                             2
     $mux                           48
     $pmux                           1
     $sub                            3

4.13. Executing CHECK pass (checking for obvious problems).
Checking module $paramod$2b3d24bfaa35e5f27d513adaa825e8851a6f5102\fifo_sync...
Checking module $paramod$2b3d24bfaa35e5f27d513adaa825e8851a6f5102\fifo_sync_assert...
Checking module fifo_sync_formal_top...
Warning: Wire fifo_sync_formal_top.\uut.tail is used but has no driver.
Warning: Wire fifo_sync_formal_top.\uut.head is used but has no driver.
Warning: Wire fifo_sync_formal_top.\uut.count is used but has no driver.
Warning: Wire fifo_sync_formal_top.\uut.can_wr is used but has no driver.
Warning: Wire fifo_sync_formal_top.\uut.can_rd is used but has no driver.
Found and reported 5 problems.

5. Executing HIERARCHY pass (managing design hierarchy).

5.1. Analyzing design hierarchy..
Top module:  \fifo_sync_formal_top
Used module:     $paramod$2b3d24bfaa35e5f27d513adaa825e8851a6f5102\fifo_sync_assert
Used module:     $paramod$2b3d24bfaa35e5f27d513adaa825e8851a6f5102\fifo_sync

5.2. Analyzing design hierarchy..
Top module:  \fifo_sync_formal_top
Used module:     $paramod$2b3d24bfaa35e5f27d513adaa825e8851a6f5102\fifo_sync_assert
Used module:     $paramod$2b3d24bfaa35e5f27d513adaa825e8851a6f5102\fifo_sync
Removed 0 unused modules.
Module $paramod$2b3d24bfaa35e5f27d513adaa825e8851a6f5102\fifo_sync_assert directly or indirectly contains formal properties -> setting "keep" attribute.
Module fifo_sync_formal_top directly or indirectly contains formal properties -> setting "keep" attribute.

6. Executing jny backend.

7. Executing RTLIL backend.
Output filename: ../model/design.il

Warnings: 14 unique messages, 19 total
End of script. Logfile hash: 3480fea301, CPU: user 0.07s system 0.01s, MEM: 15.52 MB peak
Yosys 0.33 (git sha1 2584903a060)
Time spent: 21% 5x opt_clean (0 sec), 20% 6x opt_expr (0 sec), ...
